exports[`VideoPlayer Should render correctly 1`] = `<View />`;
